main.c:87:6:HAL_UART_RxCpltCallback	104	static
main.c:107:6:clearBuffer	16	static
main.c:115:6:command_parser_fsm	128	static
main.c:165:6:uart_communication_fsm	32	static
main.c:196:5:main	8	static
main.c:252:6:SystemClock_Config	88	static
main.c:295:13:MX_ADC1_Init	24	static
main.c:340:13:MX_TIM2_Init	32	static
main.c:385:13:MX_USART2_UART_Init	8	static
main.c:418:13:MX_GPIO_Init	32	static
main.c:438:6:HAL_TIM_PeriodElapsedCallback	16	static
main.c:447:6:Error_Handler	4	static,ignoring_inline_asm
